LZES01000083.1	5.08934
LZES01000010.1	1.80762
LZES01000075.1	1.24958
LZES01000005.1	1.1897
LZES01000007.1	1.18431
LZES01000076.1	1.06727
LZES01000041.1	1.06338
LZES01000072.1	0.959746
LZES01000069.1	0.801827
LZES01000045.1	0.801486
LZES01000016.1	0.781675
LZES01000058.1	0.776681
LZES01000004.1	0.767266
LZES01000022.1	0.73394
LZES01000012.1	0.723615
LZES01000077.1	0.698867
LZES01000051.1	0.691879
LZES01000038.1	0.686364
LZES01000002.1	0.680436
LZES01000015.1	0.672722
LZES01000019.1	0.672332
LZES01000033.1	0.671964
LZES01000036.1	0.661744
LZES01000056.1	0.657119
LZES01000049.1	0.65693
LZES01000009.1	0.635789
LZES01000042.1	0.631749
LZES01000032.1	0.631603
LZES01000053.1	0.616596
LZES01000061.1	0.613323
LZES01000023.1	0.608425
LZES01000044.1	0.60443
LZES01000017.1	0.602052
LZES01000021.1	0.596849
LZES01000070.1	0.59332
LZES01000037.1	0.589937
LZES01000079.1	0.584906
LZES01000055.1	0.577859
LZES01000034.1	0.573971
LZES01000014.1	0.564971
LZES01000082.1	0.563433
LZES01000043.1	0.560722
LZES01000028.1	0.558693
LZES01000025.1	0.552069
LZES01000024.1	0.546182
LZES01000003.1	0.545155
LZES01000073.1	0.541219
LZES01000039.1	0.537056
LZES01000062.1	0.530135
LZES01000018.1	0.528478
LZES01000046.1	0.521739
LZES01000027.1	0.519279
LZES01000001.1	0.50663
LZES01000050.1	0.501939
LZES01000006.1	0.489153
LZES01000071.1	0.471993
LZES01000066.1	0.460614
LZES01000059.1	0.458514
LZES01000054.1	0.451825
LZES01000065.1	0.449892
LZES01000013.1	0.44534
LZES01000031.1	0.401433
LZES01000057.1	0.400702
LZES01000067.1	0.399882
LZES01000026.1	0.39902
LZES01000081.1	0.397368
LZES01000040.1	0.395218
LZES01000074.1	0.393436
LZES01000035.1	0.38371
LZES01000068.1	0.38201
LZES01000063.1	0.371414
LZES01000029.1	0.362605
LZES01000064.1	0.355061
LZES01000052.1	0.344552
LZES01000030.1	0.342179
LZES01000047.1	0.337292
LZES01000011.1	0.323419
LZES01000080.1	0.309903
LZES01000008.1	0.295499
LZES01000078.1	0.271485
LZES01000020.1	0.26415
LZES01000048.1	0.251309
LZES01000060.1	0.237608
LZES01000084.1	0.114916
